// Jest Snapshot v1, https://goo.gl/fbAQLP

exports[`test for home test if home matches 1`] = `
<div
  className="homeContent"
>
  <p>
    Discover the perfect balance of practicality and inspiration.
    <br />
    Our calculators provide quick and accurate results, simplifying your everyday tasks.
    <br />
    From finances to conversions, we have you covered.
  </p>
  <p>
    But we offer more than just numbers. Immerse yourself in our collection of quotes, fueling your ambitions and uplifting your spirit.
  </p>
  <p>
    Join us on this remarkable journey of growth and discovery. Welcome to our world of calculators and quotes.
  </p>
</div>
`;
